{
  "version": "1.5.0",
  "plugins_used": [
    {
      "name": "ArtifactoryDetector"
    },
    {
      "name": "AWSKeyDetector"
    },
    {
      "name": "AzureStorageKeyDetector"
    },
    {
      "name": "Base64HighEntropyString",
      "limit": 4.5
    },
    {
      "name": "BasicAuthDetector"
    },
    {
      "name": "CloudantDetector"
    },
    {
      "name": "DiscordBotTokenDetector"
    },
    {
      "name": "GitHubTokenDetector"
    },
    {
      "name": "GitLabTokenDetector"
    },
    {
      "name": "HexHighEntropyString",
      "limit": 3.0
    },
    {
      "name": "IbmCloudIamDetector"
    },
    {
      "name": "IbmCosHmacDetector"
    },
    {
      "name": "IPPublicDetector"
    },
    {
      "name": "JwtTokenDetector"
    },
    {
      "name": "KeywordDetector",
      "keyword_exclude": ""
    },
    {
      "name": "MailchimpDetector"
    },
    {
      "name": "NpmDetector"
    },
    {
      "name": "OpenAIDetector"
    },
    {
      "name": "PrivateKeyDetector"
    },
    {
      "name": "PypiTokenDetector"
    },
    {
      "name": "SendGridDetector"
    },
    {
      "name": "SlackDetector"
    },
    {
      "name": "SoftlayerDetector"
    },
    {
      "name": "SquareOAuthDetector"
    },
    {
      "name": "StripeDetector"
    },
    {
      "name": "TelegramBotTokenDetector"
    },
    {
      "name": "TwilioKeyDetector"
    }
  ],
  "filters_used": [
    {
      "path": "detect_secrets.filters.allowlist.is_line_allowlisted"
    },
    {
      "path": "detect_secrets.filters.common.is_ignored_due_to_verification_policies",
      "min_level": 2
    },
    {
      "path": "detect_secrets.filters.heuristic.is_indirect_reference"
    },
    {
      "path": "detect_secrets.filters.heuristic.is_likely_id_string"
    },
    {
      "path": "detect_secrets.filters.heuristic.is_lock_file"
    },
    {
      "path": "detect_secrets.filters.heuristic.is_not_alphanumeric_string"
    },
    {
      "path": "detect_secrets.filters.heuristic.is_potential_uuid"
    },
    {
      "path": "detect_secrets.filters.heuristic.is_prefixed_with_dollar_sign"
    },
    {
      "path": "detect_secrets.filters.heuristic.is_sequential_string"
    },
    {
      "path": "detect_secrets.filters.heuristic.is_swagger_file"
    },
    {
      "path": "detect_secrets.filters.heuristic.is_templated_secret"
    },
    {
      "path": "detect_secrets.filters.regex.should_exclude_file",
      "pattern": [
        "(^\\\\.git/|^media/|^staticfiles/|^schema\\\\.yaml|^\\\\.pytest_cache/|^\\\\.ruff_cache/)"
      ]
    }
  ],
  "results": {
    ".github/workflows/ci.yml": [
      {
        "type": "Secret Keyword",
        "filename": ".github/workflows/ci.yml",
        "hashed_secret": "5b395b0c126d7bcb6ea7305fc36f6eb578c6fbd6",
        "is_verified": false,
        "line_number": 28
      },
      {
        "type": "Secret Keyword",
        "filename": ".github/workflows/ci.yml",
        "hashed_secret": "8a7867205135bc45ff53487f1a45b93f0afcc9f7",
        "is_verified": false,
        "line_number": 49
      }
    ],
    ".pytest_cache/CACHEDIR.TAG": [
      {
        "type": "Hex High Entropy String",
        "filename": ".pytest_cache/CACHEDIR.TAG",
        "hashed_secret": "e8f8c345877b2411a59897798e422b15b0c16d76",
        "is_verified": false,
        "line_number": 1
      }
    ],
    ".ruff_cache/CACHEDIR.TAG": [
      {
        "type": "Hex High Entropy String",
        "filename": ".ruff_cache/CACHEDIR.TAG",
        "hashed_secret": "e8f8c345877b2411a59897798e422b15b0c16d76",
        "is_verified": false,
        "line_number": 1
      }
    ],
    ".secrets.baseline": [
      {
        "type": "Hex High Entropy String",
        "filename": ".secrets.baseline",
        "hashed_secret": "f3b254565d7a3c011e31eeca7c63273bc797a42e",
        "is_verified": false,
        "line_number": 136
      },
      {
        "type": "Secret Keyword",
        "filename": ".secrets.baseline",
        "hashed_secret": "f3b254565d7a3c011e31eeca7c63273bc797a42e",
        "is_verified": false,
        "line_number": 136
      },
      {
        "type": "Hex High Entropy String",
        "filename": ".secrets.baseline",
        "hashed_secret": "e4afcaa92819a62a657dc22d2e0ed94944a250b7",
        "is_verified": false,
        "line_number": 143
      },
      {
        "type": "Secret Keyword",
        "filename": ".secrets.baseline",
        "hashed_secret": "e4afcaa92819a62a657dc22d2e0ed94944a250b7",
        "is_verified": false,
        "line_number": 143
      },
      {
        "type": "Hex High Entropy String",
        "filename": ".secrets.baseline",
        "hashed_secret": "1894a927a10bff9f76749d1853a13f4d0cbd784f",
        "is_verified": false,
        "line_number": 152
      },
      {
        "type": "Secret Keyword",
        "filename": ".secrets.baseline",
        "hashed_secret": "1894a927a10bff9f76749d1853a13f4d0cbd784f",
        "is_verified": false,
        "line_number": 152
      },
      {
        "type": "Hex High Entropy String",
        "filename": ".secrets.baseline",
        "hashed_secret": "4414e130d00a16336f3b9e78dc9fedbf16dcee9b",
        "is_verified": false,
        "line_number": 166
      },
      {
        "type": "Secret Keyword",
        "filename": ".secrets.baseline",
        "hashed_secret": "4414e130d00a16336f3b9e78dc9fedbf16dcee9b",
        "is_verified": false,
        "line_number": 166
      },
      {
        "type": "Hex High Entropy String",
        "filename": ".secrets.baseline",
        "hashed_secret": "849ae0c1c21f32cb705232bab8792c45a7d3a7ea",
        "is_verified": false,
        "line_number": 180
      },
      {
        "type": "Secret Keyword",
        "filename": ".secrets.baseline",
        "hashed_secret": "849ae0c1c21f32cb705232bab8792c45a7d3a7ea",
        "is_verified": false,
        "line_number": 180
      },
      {
        "type": "Hex High Entropy String",
        "filename": ".secrets.baseline",
        "hashed_secret": "4906932037d57e500244639af80fa5047b87438d",
        "is_verified": false,
        "line_number": 194
      },
      {
        "type": "Secret Keyword",
        "filename": ".secrets.baseline",
        "hashed_secret": "4906932037d57e500244639af80fa5047b87438d",
        "is_verified": false,
        "line_number": 194
      },
      {
        "type": "Hex High Entropy String",
        "filename": ".secrets.baseline",
        "hashed_secret": "11bb62a61807cbc6a799ca6ab2d4918ce0cbfb2b",
        "is_verified": false,
        "line_number": 208
      },
      {
        "type": "Secret Keyword",
        "filename": ".secrets.baseline",
        "hashed_secret": "11bb62a61807cbc6a799ca6ab2d4918ce0cbfb2b",
        "is_verified": false,
        "line_number": 208
      },
      {
        "type": "Hex High Entropy String",
        "filename": ".secrets.baseline",
        "hashed_secret": "bc427b3fa9bd031e836ecc998f643982d860f8dd",
        "is_verified": false,
        "line_number": 222
      },
      {
        "type": "Secret Keyword",
        "filename": ".secrets.baseline",
        "hashed_secret": "bc427b3fa9bd031e836ecc998f643982d860f8dd",
        "is_verified": false,
        "line_number": 222
      },
      {
        "type": "Hex High Entropy String",
        "filename": ".secrets.baseline",
        "hashed_secret": "561d2df49f07ef402a2c56d0bd7131f99156b8b1",
        "is_verified": false,
        "line_number": 236
      },
      {
        "type": "Secret Keyword",
        "filename": ".secrets.baseline",
        "hashed_secret": "561d2df49f07ef402a2c56d0bd7131f99156b8b1",
        "is_verified": false,
        "line_number": 236
      },
      {
        "type": "Hex High Entropy String",
        "filename": ".secrets.baseline",
        "hashed_secret": "abdfe88b27a7bbece3277cfe8e6ce68dfaf7c159",
        "is_verified": false,
        "line_number": 250
      },
      {
        "type": "Secret Keyword",
        "filename": ".secrets.baseline",
        "hashed_secret": "abdfe88b27a7bbece3277cfe8e6ce68dfaf7c159",
        "is_verified": false,
        "line_number": 250
      },
      {
        "type": "Hex High Entropy String",
        "filename": ".secrets.baseline",
        "hashed_secret": "b12f50e1806d9723a120422586fd51aa8e17b3e3",
        "is_verified": false,
        "line_number": 264
      },
      {
        "type": "Secret Keyword",
        "filename": ".secrets.baseline",
        "hashed_secret": "b12f50e1806d9723a120422586fd51aa8e17b3e3",
        "is_verified": false,
        "line_number": 264
      },
      {
        "type": "Hex High Entropy String",
        "filename": ".secrets.baseline",
        "hashed_secret": "9276375a11494d5a8f1c48a2b9f54d723fb06be8",
        "is_verified": false,
        "line_number": 278
      },
      {
        "type": "Secret Keyword",
        "filename": ".secrets.baseline",
        "hashed_secret": "9276375a11494d5a8f1c48a2b9f54d723fb06be8",
        "is_verified": false,
        "line_number": 278
      },
      {
        "type": "Hex High Entropy String",
        "filename": ".secrets.baseline",
        "hashed_secret": "ad3748f1c672a75e11307d7fcfe5d665e831809f",
        "is_verified": false,
        "line_number": 292
      },
      {
        "type": "Secret Keyword",
        "filename": ".secrets.baseline",
        "hashed_secret": "ad3748f1c672a75e11307d7fcfe5d665e831809f",
        "is_verified": false,
        "line_number": 292
      },
      {
        "type": "Hex High Entropy String",
        "filename": ".secrets.baseline",
        "hashed_secret": "121f2ea541c6ac2b848fa308aea15183a0edd53c",
        "is_verified": false,
        "line_number": 306
      },
      {
        "type": "Secret Keyword",
        "filename": ".secrets.baseline",
        "hashed_secret": "121f2ea541c6ac2b848fa308aea15183a0edd53c",
        "is_verified": false,
        "line_number": 306
      },
      {
        "type": "Hex High Entropy String",
        "filename": ".secrets.baseline",
        "hashed_secret": "c8bc54e744acd26f3684f876779a309402636a8c",
        "is_verified": false,
        "line_number": 320
      },
      {
        "type": "Secret Keyword",
        "filename": ".secrets.baseline",
        "hashed_secret": "c8bc54e744acd26f3684f876779a309402636a8c",
        "is_verified": false,
        "line_number": 320
      },
      {
        "type": "Hex High Entropy String",
        "filename": ".secrets.baseline",
        "hashed_secret": "f71ce5319f459f2a39179d12bace27cf01e22c81",
        "is_verified": false,
        "line_number": 334
      },
      {
        "type": "Secret Keyword",
        "filename": ".secrets.baseline",
        "hashed_secret": "f71ce5319f459f2a39179d12bace27cf01e22c81",
        "is_verified": false,
        "line_number": 334
      },
      {
        "type": "Hex High Entropy String",
        "filename": ".secrets.baseline",
        "hashed_secret": "73d1622bf6ea88143463abde69a87ca616784a15",
        "is_verified": false,
        "line_number": 348
      },
      {
        "type": "Secret Keyword",
        "filename": ".secrets.baseline",
        "hashed_secret": "73d1622bf6ea88143463abde69a87ca616784a15",
        "is_verified": false,
        "line_number": 348
      },
      {
        "type": "Hex High Entropy String",
        "filename": ".secrets.baseline",
        "hashed_secret": "ca646d2280d04e7a21b6e95716400679e2ed8b08",
        "is_verified": false,
        "line_number": 362
      },
      {
        "type": "Secret Keyword",
        "filename": ".secrets.baseline",
        "hashed_secret": "ca646d2280d04e7a21b6e95716400679e2ed8b08",
        "is_verified": false,
        "line_number": 362
      },
      {
        "type": "Hex High Entropy String",
        "filename": ".secrets.baseline",
        "hashed_secret": "d63ac8a44b9462f3b51b1b22ab05823806871c1e",
        "is_verified": false,
        "line_number": 376
      },
      {
        "type": "Secret Keyword",
        "filename": ".secrets.baseline",
        "hashed_secret": "d63ac8a44b9462f3b51b1b22ab05823806871c1e",
        "is_verified": false,
        "line_number": 376
      },
      {
        "type": "Hex High Entropy String",
        "filename": ".secrets.baseline",
        "hashed_secret": "60c9566f329e671d973c154382a1644b1df9f33d",
        "is_verified": false,
        "line_number": 390
      },
      {
        "type": "Secret Keyword",
        "filename": ".secrets.baseline",
        "hashed_secret": "60c9566f329e671d973c154382a1644b1df9f33d",
        "is_verified": false,
        "line_number": 390
      },
      {
        "type": "Hex High Entropy String",
        "filename": ".secrets.baseline",
        "hashed_secret": "a291116bacc47e39f92a0889f8ec1aa9d4ff3408",
        "is_verified": false,
        "line_number": 404
      },
      {
        "type": "Secret Keyword",
        "filename": ".secrets.baseline",
        "hashed_secret": "a291116bacc47e39f92a0889f8ec1aa9d4ff3408",
        "is_verified": false,
        "line_number": 404
      },
      {
        "type": "Hex High Entropy String",
        "filename": ".secrets.baseline",
        "hashed_secret": "533bf9c605930ec9ee3f02de6e7768da50299c8d",
        "is_verified": false,
        "line_number": 418
      },
      {
        "type": "Secret Keyword",
        "filename": ".secrets.baseline",
        "hashed_secret": "533bf9c605930ec9ee3f02de6e7768da50299c8d",
        "is_verified": false,
        "line_number": 418
      },
      {
        "type": "Hex High Entropy String",
        "filename": ".secrets.baseline",
        "hashed_secret": "7bc42b5619ebabc1da833554e6ee087c1c67efd8",
        "is_verified": false,
        "line_number": 432
      },
      {
        "type": "Secret Keyword",
        "filename": ".secrets.baseline",
        "hashed_secret": "7bc42b5619ebabc1da833554e6ee087c1c67efd8",
        "is_verified": false,
        "line_number": 432
      },
      {
        "type": "Hex High Entropy String",
        "filename": ".secrets.baseline",
        "hashed_secret": "0a106b23dea28484523090c87248204756c4bf06",
        "is_verified": false,
        "line_number": 446
      },
      {
        "type": "Secret Keyword",
        "filename": ".secrets.baseline",
        "hashed_secret": "0a106b23dea28484523090c87248204756c4bf06",
        "is_verified": false,
        "line_number": 446
      },
      {
        "type": "Hex High Entropy String",
        "filename": ".secrets.baseline",
        "hashed_secret": "cf32706c0eb39873d0515d248fb617e30fb98aea",
        "is_verified": false,
        "line_number": 460
      },
      {
        "type": "Secret Keyword",
        "filename": ".secrets.baseline",
        "hashed_secret": "cf32706c0eb39873d0515d248fb617e30fb98aea",
        "is_verified": false,
        "line_number": 460
      },
      {
        "type": "Hex High Entropy String",
        "filename": ".secrets.baseline",
        "hashed_secret": "4f0c4fd8de00d253eb30e637524b8fc8836a3d7d",
        "is_verified": false,
        "line_number": 474
      },
      {
        "type": "Secret Keyword",
        "filename": ".secrets.baseline",
        "hashed_secret": "4f0c4fd8de00d253eb30e637524b8fc8836a3d7d",
        "is_verified": false,
        "line_number": 474
      },
      {
        "type": "Hex High Entropy String",
        "filename": ".secrets.baseline",
        "hashed_secret": "427f5f790a866e93a6550e8352b8a180406c4c80",
        "is_verified": false,
        "line_number": 488
      },
      {
        "type": "Secret Keyword",
        "filename": ".secrets.baseline",
        "hashed_secret": "427f5f790a866e93a6550e8352b8a180406c4c80",
        "is_verified": false,
        "line_number": 488
      },
      {
        "type": "Hex High Entropy String",
        "filename": ".secrets.baseline",
        "hashed_secret": "1628f44cd520472791020059a196c17027c83dbb",
        "is_verified": false,
        "line_number": 502
      },
      {
        "type": "Secret Keyword",
        "filename": ".secrets.baseline",
        "hashed_secret": "1628f44cd520472791020059a196c17027c83dbb",
        "is_verified": false,
        "line_number": 502
      },
      {
        "type": "Hex High Entropy String",
        "filename": ".secrets.baseline",
        "hashed_secret": "0b23acd4be5cd0923881561e887ee031a4e1e1f3",
        "is_verified": false,
        "line_number": 516
      },
      {
        "type": "Secret Keyword",
        "filename": ".secrets.baseline",
        "hashed_secret": "0b23acd4be5cd0923881561e887ee031a4e1e1f3",
        "is_verified": false,
        "line_number": 516
      },
      {
        "type": "Hex High Entropy String",
        "filename": ".secrets.baseline",
        "hashed_secret": "a1532d2184745b42b16c336fe6982f4118b33004",
        "is_verified": false,
        "line_number": 530
      },
      {
        "type": "Secret Keyword",
        "filename": ".secrets.baseline",
        "hashed_secret": "a1532d2184745b42b16c336fe6982f4118b33004",
        "is_verified": false,
        "line_number": 530
      },
      {
        "type": "Hex High Entropy String",
        "filename": ".secrets.baseline",
        "hashed_secret": "993278703456e018a53b0cb72a9a248f6cf795b7",
        "is_verified": false,
        "line_number": 544
      },
      {
        "type": "Secret Keyword",
        "filename": ".secrets.baseline",
        "hashed_secret": "993278703456e018a53b0cb72a9a248f6cf795b7",
        "is_verified": false,
        "line_number": 544
      },
      {
        "type": "Hex High Entropy String",
        "filename": ".secrets.baseline",
        "hashed_secret": "df452611b7299e042937917dda01a6ae898c5d5b",
        "is_verified": false,
        "line_number": 558
      },
      {
        "type": "Secret Keyword",
        "filename": ".secrets.baseline",
        "hashed_secret": "df452611b7299e042937917dda01a6ae898c5d5b",
        "is_verified": false,
        "line_number": 558
      },
      {
        "type": "Hex High Entropy String",
        "filename": ".secrets.baseline",
        "hashed_secret": "ba5c92a3fb86309dde0c20a20af4d57b5af62fb2",
        "is_verified": false,
        "line_number": 572
      },
      {
        "type": "Secret Keyword",
        "filename": ".secrets.baseline",
        "hashed_secret": "ba5c92a3fb86309dde0c20a20af4d57b5af62fb2",
        "is_verified": false,
        "line_number": 572
      },
      {
        "type": "Hex High Entropy String",
        "filename": ".secrets.baseline",
        "hashed_secret": "d8cefc1f884554f87587ee0ccccc2ba0f62b0a3f",
        "is_verified": false,
        "line_number": 586
      },
      {
        "type": "Secret Keyword",
        "filename": ".secrets.baseline",
        "hashed_secret": "d8cefc1f884554f87587ee0ccccc2ba0f62b0a3f",
        "is_verified": false,
        "line_number": 586
      },
      {
        "type": "Hex High Entropy String",
        "filename": ".secrets.baseline",
        "hashed_secret": "c6a2d185b9395aee9b75437b725de15a91d5eb83",
        "is_verified": false,
        "line_number": 600
      },
      {
        "type": "Secret Keyword",
        "filename": ".secrets.baseline",
        "hashed_secret": "c6a2d185b9395aee9b75437b725de15a91d5eb83",
        "is_verified": false,
        "line_number": 600
      },
      {
        "type": "Hex High Entropy String",
        "filename": ".secrets.baseline",
        "hashed_secret": "2780c6c1e97fe626e2c7a3ef9e719bbffa35fc14",
        "is_verified": false,
        "line_number": 614
      },
      {
        "type": "Secret Keyword",
        "filename": ".secrets.baseline",
        "hashed_secret": "2780c6c1e97fe626e2c7a3ef9e719bbffa35fc14",
        "is_verified": false,
        "line_number": 614
      },
      {
        "type": "Hex High Entropy String",
        "filename": ".secrets.baseline",
        "hashed_secret": "38f8d8536a1e856251fbb5cc8e86dc1e4d795648",
        "is_verified": false,
        "line_number": 628
      },
      {
        "type": "Secret Keyword",
        "filename": ".secrets.baseline",
        "hashed_secret": "38f8d8536a1e856251fbb5cc8e86dc1e4d795648",
        "is_verified": false,
        "line_number": 628
      },
      {
        "type": "Hex High Entropy String",
        "filename": ".secrets.baseline",
        "hashed_secret": "97f4b4dbba4bfdd265e3ca1e0d4a1ec9c629b850",
        "is_verified": false,
        "line_number": 642
      },
      {
        "type": "Secret Keyword",
        "filename": ".secrets.baseline",
        "hashed_secret": "97f4b4dbba4bfdd265e3ca1e0d4a1ec9c629b850",
        "is_verified": false,
        "line_number": 642
      },
      {
        "type": "Hex High Entropy String",
        "filename": ".secrets.baseline",
        "hashed_secret": "171145105f71eb77b0632fc81184d909cce7445b",
        "is_verified": false,
        "line_number": 656
      },
      {
        "type": "Secret Keyword",
        "filename": ".secrets.baseline",
        "hashed_secret": "171145105f71eb77b0632fc81184d909cce7445b",
        "is_verified": false,
        "line_number": 656
      },
      {
        "type": "Hex High Entropy String",
        "filename": ".secrets.baseline",
        "hashed_secret": "0f78e9e01b47d5dba688221b7e5fa49fcf8140c4",
        "is_verified": false,
        "line_number": 670
      },
      {
        "type": "Secret Keyword",
        "filename": ".secrets.baseline",
        "hashed_secret": "0f78e9e01b47d5dba688221b7e5fa49fcf8140c4",
        "is_verified": false,
        "line_number": 670
      },
      {
        "type": "Hex High Entropy String",
        "filename": ".secrets.baseline",
        "hashed_secret": "6290e155837f04a9b3ad26574dc80b4a2e5818fd",
        "is_verified": false,
        "line_number": 684
      },
      {
        "type": "Secret Keyword",
        "filename": ".secrets.baseline",
        "hashed_secret": "6290e155837f04a9b3ad26574dc80b4a2e5818fd",
        "is_verified": false,
        "line_number": 684
      },
      {
        "type": "Hex High Entropy String",
        "filename": ".secrets.baseline",
        "hashed_secret": "07818e3efb8918d4fa3f5fbc6b8bf0032d064a98",
        "is_verified": false,
        "line_number": 700
      },
      {
        "type": "Secret Keyword",
        "filename": ".secrets.baseline",
        "hashed_secret": "07818e3efb8918d4fa3f5fbc6b8bf0032d064a98",
        "is_verified": false,
        "line_number": 700
      },
      {
        "type": "Hex High Entropy String",
        "filename": ".secrets.baseline",
        "hashed_secret": "440f2a7bec978f31ec2e430142daab5e61521bc5",
        "is_verified": false,
        "line_number": 707
      },
      {
        "type": "Secret Keyword",
        "filename": ".secrets.baseline",
        "hashed_secret": "440f2a7bec978f31ec2e430142daab5e61521bc5",
        "is_verified": false,
        "line_number": 707
      },
      {
        "type": "Hex High Entropy String",
        "filename": ".secrets.baseline",
        "hashed_secret": "a2ba0640142bf052f540c3172518229c1d669f3d",
        "is_verified": false,
        "line_number": 714
      },
      {
        "type": "Secret Keyword",
        "filename": ".secrets.baseline",
        "hashed_secret": "a2ba0640142bf052f540c3172518229c1d669f3d",
        "is_verified": false,
        "line_number": 714
      },
      {
        "type": "Hex High Entropy String",
        "filename": ".secrets.baseline",
        "hashed_secret": "658598a5371253ad28609a645a5946b28aab6682",
        "is_verified": false,
        "line_number": 721
      },
      {
        "type": "Secret Keyword",
        "filename": ".secrets.baseline",
        "hashed_secret": "658598a5371253ad28609a645a5946b28aab6682",
        "is_verified": false,
        "line_number": 721
      },
      {
        "type": "Hex High Entropy String",
        "filename": ".secrets.baseline",
        "hashed_secret": "ce82607f2445570de44ccc8e2ac3718ef8868f12",
        "is_verified": false,
        "line_number": 730
      },
      {
        "type": "Secret Keyword",
        "filename": ".secrets.baseline",
        "hashed_secret": "ce82607f2445570de44ccc8e2ac3718ef8868f12",
        "is_verified": false,
        "line_number": 730
      },
      {
        "type": "Hex High Entropy String",
        "filename": ".secrets.baseline",
        "hashed_secret": "74e3a07e4ec0b9276a1942cd4fb7fa8537e7627d",
        "is_verified": false,
        "line_number": 755
      },
      {
        "type": "Secret Keyword",
        "filename": ".secrets.baseline",
        "hashed_secret": "74e3a07e4ec0b9276a1942cd4fb7fa8537e7627d",
        "is_verified": false,
        "line_number": 755
      },
      {
        "type": "Hex High Entropy String",
        "filename": ".secrets.baseline",
        "hashed_secret": "df679c12ddebc8ec03879b9acb470afb519d0801",
        "is_verified": false,
        "line_number": 803
      },
      {
        "type": "Secret Keyword",
        "filename": ".secrets.baseline",
        "hashed_secret": "df679c12ddebc8ec03879b9acb470afb519d0801",
        "is_verified": false,
        "line_number": 803
      },
      {
        "type": "Hex High Entropy String",
        "filename": ".secrets.baseline",
        "hashed_secret": "ab92e5a4f495425fb0ed8afa73654a5093d09322",
        "is_verified": false,
        "line_number": 812
      },
      {
        "type": "Secret Keyword",
        "filename": ".secrets.baseline",
        "hashed_secret": "ab92e5a4f495425fb0ed8afa73654a5093d09322",
        "is_verified": false,
        "line_number": 812
      },
      {
        "type": "Hex High Entropy String",
        "filename": ".secrets.baseline",
        "hashed_secret": "96146ba5d6ac2232b02d47dfa634bfdaa07d89f3",
        "is_verified": false,
        "line_number": 830
      },
      {
        "type": "Secret Keyword",
        "filename": ".secrets.baseline",
        "hashed_secret": "96146ba5d6ac2232b02d47dfa634bfdaa07d89f3",
        "is_verified": false,
        "line_number": 830
      },
      {
        "type": "Hex High Entropy String",
        "filename": ".secrets.baseline",
        "hashed_secret": "eb5949169b8e6e725aa6ccc1293e39b206e816cc",
        "is_verified": false,
        "line_number": 837
      },
      {
        "type": "Secret Keyword",
        "filename": ".secrets.baseline",
        "hashed_secret": "eb5949169b8e6e725aa6ccc1293e39b206e816cc",
        "is_verified": false,
        "line_number": 837
      },
      {
        "type": "Hex High Entropy String",
        "filename": ".secrets.baseline",
        "hashed_secret": "01256f4e35c064c9736066a9b8e77b72d44dc05f",
        "is_verified": false,
        "line_number": 844
      },
      {
        "type": "Secret Keyword",
        "filename": ".secrets.baseline",
        "hashed_secret": "01256f4e35c064c9736066a9b8e77b72d44dc05f",
        "is_verified": false,
        "line_number": 844
      }
    ],
    "apps/audit_logs/tests.py": [
      {
        "type": "Secret Keyword",
        "filename": "apps/audit_logs/tests.py",
        "hashed_secret": "0661e8bb4b83f4e45ebb3cd70782d19e5ee75439",
        "is_verified": false,
        "line_number": 117
      },
      {
        "type": "Secret Keyword",
        "filename": "apps/audit_logs/tests.py",
        "hashed_secret": "6cca58fd7bcdac7ff6e551a93af8653819e5debf",
        "is_verified": false,
        "line_number": 144
      },
      {
        "type": "Secret Keyword",
        "filename": "apps/audit_logs/tests.py",
        "hashed_secret": "91e2fd79c3b1830a890854353c19ed6fcd8eafaf",
        "is_verified": false,
        "line_number": 358
      },
      {
        "type": "Secret Keyword",
        "filename": "apps/audit_logs/tests.py",
        "hashed_secret": "4ba054f57f9418eeac0fad727ebad895fbbeb068",
        "is_verified": false,
        "line_number": 379
      }
    ],
    "apps/authentication/choices.py": [
      {
        "type": "Secret Keyword",
        "filename": "apps/authentication/choices.py",
        "hashed_secret": "a613756e030149431b0337e8b3a6c62440eb5ddc",
        "is_verified": false,
        "line_number": 34
      }
    ],
    "apps/authentication/tests/test_anti_abuse.py": [
      {
        "type": "Secret Keyword",
        "filename": "apps/authentication/tests/test_anti_abuse.py",
        "hashed_secret": "0661e8bb4b83f4e45ebb3cd70782d19e5ee75439",
        "is_verified": false,
        "line_number": 84
      }
    ],
    "apps/authentication/tests/test_backends.py": [
      {
        "type": "Secret Keyword",
        "filename": "apps/authentication/tests/test_backends.py",
        "hashed_secret": "0661e8bb4b83f4e45ebb3cd70782d19e5ee75439",
        "is_verified": false,
        "line_number": 51
      },
      {
        "type": "Secret Keyword",
        "filename": "apps/authentication/tests/test_backends.py",
        "hashed_secret": "b91554bd706e84387475eb2df912df8b01ca4467",
        "is_verified": false,
        "line_number": 84
      }
    ],
    "apps/authentication/tests/test_services_identifier_normalization.py": [
      {
        "type": "Secret Keyword",
        "filename": "apps/authentication/tests/test_services_identifier_normalization.py",
        "hashed_secret": "0661e8bb4b83f4e45ebb3cd70782d19e5ee75439",
        "is_verified": false,
        "line_number": 65
      }
    ],
    "apps/authentication/tests/test_views_legacy_deprecation.py": [
      {
        "type": "Secret Keyword",
        "filename": "apps/authentication/tests/test_views_legacy_deprecation.py",
        "hashed_secret": "0661e8bb4b83f4e45ebb3cd70782d19e5ee75439",
        "is_verified": false,
        "line_number": 61
      },
      {
        "type": "Secret Keyword",
        "filename": "apps/authentication/tests/test_views_legacy_deprecation.py",
        "hashed_secret": "b91554bd706e84387475eb2df912df8b01ca4467",
        "is_verified": false,
        "line_number": 86
      }
    ],
    "apps/authentication/tests/test_views_multi_identifier.py": [
      {
        "type": "Secret Keyword",
        "filename": "apps/authentication/tests/test_views_multi_identifier.py",
        "hashed_secret": "0661e8bb4b83f4e45ebb3cd70782d19e5ee75439",
        "is_verified": false,
        "line_number": 174
      },
      {
        "type": "Secret Keyword",
        "filename": "apps/authentication/tests/test_views_multi_identifier.py",
        "hashed_secret": "b91554bd706e84387475eb2df912df8b01ca4467",
        "is_verified": false,
        "line_number": 229
      },
      {
        "type": "Secret Keyword",
        "filename": "apps/authentication/tests/test_views_multi_identifier.py",
        "hashed_secret": "e9f02d085ef204f237d2bcb55fc12583f69c5db8",
        "is_verified": false,
        "line_number": 374
      }
    ],
    "config/settings/base.py": [
      {
        "type": "Secret Keyword",
        "filename": "config/settings/base.py",
        "hashed_secret": "863f9d336722e0fa7c9f2dda90adcd61d2a00ef6",
        "is_verified": false,
        "line_number": 205
      }
    ],
    "conftest.py": [
      {
        "type": "Secret Keyword",
        "filename": "conftest.py",
        "hashed_secret": "0661e8bb4b83f4e45ebb3cd70782d19e5ee75439",
        "is_verified": false,
        "line_number": 189
      }
    ],
    "tests/test_operational_hardening.py": [
      {
        "type": "Secret Keyword",
        "filename": "tests/test_operational_hardening.py",
        "hashed_secret": "510ae94bc33fd6bcb5df20925f0d8a715afd13e7",
        "is_verified": false,
        "line_number": 44
      },
      {
        "type": "Secret Keyword",
        "filename": "tests/test_operational_hardening.py",
        "hashed_secret": "6a0b69a1cea32f4e97c97726d78a938f972cef88",
        "is_verified": false,
        "line_number": 47
      },
      {
        "type": "Secret Keyword",
        "filename": "tests/test_operational_hardening.py",
        "hashed_secret": "ba92766064bbc4f3f09382808903bb53ce3f924e",
        "is_verified": false,
        "line_number": 95
      }
    ]
  },
  "generated_at": "2026-06-12T00:29:50Z"
}
