{
  "version": "1.5.0",
  "plugins_used": [
    {
      "name": "ArtifactoryDetector"
    },
    {
      "name": "AWSKeyDetector"
    },
    {
      "name": "AzureStorageKeyDetector"
    },
    {
      "name": "Base64HighEntropyString",
      "limit": 4.5
    },
    {
      "name": "BasicAuthDetector"
    },
    {
      "name": "CloudantDetector"
    },
    {
      "name": "DiscordBotTokenDetector"
    },
    {
      "name": "GitHubTokenDetector"
    },
    {
      "name": "GitLabTokenDetector"
    },
    {
      "name": "HexHighEntropyString",
      "limit": 3.0
    },
    {
      "name": "IbmCloudIamDetector"
    },
    {
      "name": "IbmCosHmacDetector"
    },
    {
      "name": "IPPublicDetector"
    },
    {
      "name": "JwtTokenDetector"
    },
    {
      "name": "KeywordDetector",
      "keyword_exclude": ""
    },
    {
      "name": "MailchimpDetector"
    },
    {
      "name": "NpmDetector"
    },
    {
      "name": "OpenAIDetector"
    },
    {
      "name": "PrivateKeyDetector"
    },
    {
      "name": "PypiTokenDetector"
    },
    {
      "name": "SendGridDetector"
    },
    {
      "name": "SlackDetector"
    },
    {
      "name": "SoftlayerDetector"
    },
    {
      "name": "SquareOAuthDetector"
    },
    {
      "name": "StripeDetector"
    },
    {
      "name": "TelegramBotTokenDetector"
    },
    {
      "name": "TwilioKeyDetector"
    }
  ],
  "filters_used": [
    {
      "path": "detect_secrets.filters.allowlist.is_line_allowlisted"
    },
    {
      "path": "detect_secrets.filters.common.is_ignored_due_to_verification_policies",
      "min_level": 2
    },
    {
      "path": "detect_secrets.filters.heuristic.is_indirect_reference"
    },
    {
      "path": "detect_secrets.filters.heuristic.is_likely_id_string"
    },
    {
      "path": "detect_secrets.filters.heuristic.is_lock_file"
    },
    {
      "path": "detect_secrets.filters.heuristic.is_not_alphanumeric_string"
    },
    {
      "path": "detect_secrets.filters.heuristic.is_potential_uuid"
    },
    {
      "path": "detect_secrets.filters.heuristic.is_prefixed_with_dollar_sign"
    },
    {
      "path": "detect_secrets.filters.heuristic.is_sequential_string"
    },
    {
      "path": "detect_secrets.filters.heuristic.is_swagger_file"
    },
    {
      "path": "detect_secrets.filters.heuristic.is_templated_secret"
    },
    {
      "path": "detect_secrets.filters.regex.should_exclude_file",
      "pattern": [
        "(^\\.git/|^media/|^staticfiles/|^schema\\.yaml|^\\.secrets\\.baseline$|^\\.pytest_cache/|^\\.ruff_cache/)"
      ]
    }
  ],
  "results": {
    ".github/workflows/ci.yml": [
      {
        "type": "Secret Keyword",
        "filename": ".github/workflows/ci.yml",
        "hashed_secret": "5b395b0c126d7bcb6ea7305fc36f6eb578c6fbd6",
        "is_verified": false,
        "line_number": 28
      },
      {
        "type": "Secret Keyword",
        "filename": ".github/workflows/ci.yml",
        "hashed_secret": "8a7867205135bc45ff53487f1a45b93f0afcc9f7",
        "is_verified": false,
        "line_number": 61
      },
      {
        "type": "Secret Keyword",
        "filename": ".github/workflows/ci.yml",
        "hashed_secret": "4a0524e11b8e9816652857ef84f8f37ed803c94e",
        "is_verified": false,
        "line_number": 122
      }
    ],
    ".mypy_cache/CACHEDIR.TAG": [
      {
        "type": "Hex High Entropy String",
        "filename": ".mypy_cache/CACHEDIR.TAG",
        "hashed_secret": "e8f8c345877b2411a59897798e422b15b0c16d76",
        "is_verified": false,
        "line_number": 1
      }
    ],
    "apps/audit_logs/tests/test_audit_logs.py": [
      {
        "type": "Secret Keyword",
        "filename": "apps/audit_logs/tests/test_audit_logs.py",
        "hashed_secret": "8ba4db8a275a51f1c2eab79817631f12e1aac524",
        "is_verified": false,
        "line_number": 48
      },
      {
        "type": "Secret Keyword",
        "filename": "apps/audit_logs/tests/test_audit_logs.py",
        "hashed_secret": "0661e8bb4b83f4e45ebb3cd70782d19e5ee75439",
        "is_verified": false,
        "line_number": 123
      },
      {
        "type": "Secret Keyword",
        "filename": "apps/audit_logs/tests/test_audit_logs.py",
        "hashed_secret": "6cca58fd7bcdac7ff6e551a93af8653819e5debf",
        "is_verified": false,
        "line_number": 150
      },
      {
        "type": "Secret Keyword",
        "filename": "apps/audit_logs/tests/test_audit_logs.py",
        "hashed_secret": "91e2fd79c3b1830a890854353c19ed6fcd8eafaf",
        "is_verified": false,
        "line_number": 364
      },
      {
        "type": "Secret Keyword",
        "filename": "apps/audit_logs/tests/test_audit_logs.py",
        "hashed_secret": "4ba054f57f9418eeac0fad727ebad895fbbeb068",
        "is_verified": false,
        "line_number": 385
      }
    ],
    "apps/authentication/choices.py": [
      {
        "type": "Secret Keyword",
        "filename": "apps/authentication/choices.py",
        "hashed_secret": "a613756e030149431b0337e8b3a6c62440eb5ddc",
        "is_verified": false,
        "line_number": 34
      }
    ],
    "apps/authentication/tests/test_anti_abuse.py": [
      {
        "type": "Secret Keyword",
        "filename": "apps/authentication/tests/test_anti_abuse.py",
        "hashed_secret": "0661e8bb4b83f4e45ebb3cd70782d19e5ee75439",
        "is_verified": false,
        "line_number": 84
      }
    ],
    "apps/authentication/tests/test_backends.py": [
      {
        "type": "Secret Keyword",
        "filename": "apps/authentication/tests/test_backends.py",
        "hashed_secret": "0661e8bb4b83f4e45ebb3cd70782d19e5ee75439",
        "is_verified": false,
        "line_number": 51
      },
      {
        "type": "Secret Keyword",
        "filename": "apps/authentication/tests/test_backends.py",
        "hashed_secret": "b91554bd706e84387475eb2df912df8b01ca4467",
        "is_verified": false,
        "line_number": 84
      }
    ],
    "apps/authentication/tests/test_services_identifier_normalization.py": [
      {
        "type": "Secret Keyword",
        "filename": "apps/authentication/tests/test_services_identifier_normalization.py",
        "hashed_secret": "0661e8bb4b83f4e45ebb3cd70782d19e5ee75439",
        "is_verified": false,
        "line_number": 65
      }
    ],
    "apps/authentication/tests/test_views_legacy_deprecation.py": [
      {
        "type": "Secret Keyword",
        "filename": "apps/authentication/tests/test_views_legacy_deprecation.py",
        "hashed_secret": "0661e8bb4b83f4e45ebb3cd70782d19e5ee75439",
        "is_verified": false,
        "line_number": 59
      },
      {
        "type": "Secret Keyword",
        "filename": "apps/authentication/tests/test_views_legacy_deprecation.py",
        "hashed_secret": "b91554bd706e84387475eb2df912df8b01ca4467",
        "is_verified": false,
        "line_number": 84
      }
    ],
    "apps/authentication/tests/test_views_multi_identifier.py": [
      {
        "type": "Secret Keyword",
        "filename": "apps/authentication/tests/test_views_multi_identifier.py",
        "hashed_secret": "0661e8bb4b83f4e45ebb3cd70782d19e5ee75439",
        "is_verified": false,
        "line_number": 174
      },
      {
        "type": "Secret Keyword",
        "filename": "apps/authentication/tests/test_views_multi_identifier.py",
        "hashed_secret": "b91554bd706e84387475eb2df912df8b01ca4467",
        "is_verified": false,
        "line_number": 229
      },
      {
        "type": "Secret Keyword",
        "filename": "apps/authentication/tests/test_views_multi_identifier.py",
        "hashed_secret": "e9f02d085ef204f237d2bcb55fc12583f69c5db8",
        "is_verified": false,
        "line_number": 372
      }
    ],
    "apps/core/tests/test_admin_login_guard.py": [
      {
        "type": "Secret Keyword",
        "filename": "apps/core/tests/test_admin_login_guard.py",
        "hashed_secret": "4f6f281bb693c5f9b417f7f497c8bd6c32dccafc",
        "is_verified": false,
        "line_number": 24
      },
      {
        "type": "Secret Keyword",
        "filename": "apps/core/tests/test_admin_login_guard.py",
        "hashed_secret": "0661e8bb4b83f4e45ebb3cd70782d19e5ee75439",
        "is_verified": false,
        "line_number": 123
      }
    ],
    "apps/tabyin/tests/test_user_media.py": [
      {
        "type": "Secret Keyword",
        "filename": "apps/tabyin/tests/test_user_media.py",
        "hashed_secret": "c2013007629962170b71e77a32786ba2f65933a3",
        "is_verified": false,
        "line_number": 49
      },
      {
        "type": "Basic Auth Credentials",
        "filename": "apps/tabyin/tests/test_user_media.py",
        "hashed_secret": "9d4e1e23bd5b727046a9e3b4b7db57bd8d6ee684",
        "is_verified": false,
        "line_number": 323
      }
    ],
    "apps/tabyin/tests/test_user_submission_manage.py": [
      {
        "type": "Secret Keyword",
        "filename": "apps/tabyin/tests/test_user_submission_manage.py",
        "hashed_secret": "c2013007629962170b71e77a32786ba2f65933a3",
        "is_verified": false,
        "line_number": 49
      }
    ],
    "config/settings/base.py": [
      {
        "type": "Secret Keyword",
        "filename": "config/settings/base.py",
        "hashed_secret": "863f9d336722e0fa7c9f2dda90adcd61d2a00ef6",
        "is_verified": false,
        "line_number": 392
      }
    ],
    "conftest.py": [
      {
        "type": "Secret Keyword",
        "filename": "conftest.py",
        "hashed_secret": "0661e8bb4b83f4e45ebb3cd70782d19e5ee75439",
        "is_verified": false,
        "line_number": 189
      }
    ],
    "tests/test_authentication_services.py": [
      {
        "type": "Secret Keyword",
        "filename": "tests/test_authentication_services.py",
        "hashed_secret": "dec27e6e2fdd95dac2e6acfc36bfd613519551ee",
        "is_verified": false,
        "line_number": 871
      },
      {
        "type": "Secret Keyword",
        "filename": "tests/test_authentication_services.py",
        "hashed_secret": "d869db7fe62fb07c25a0403ecaea55031744b5fb",
        "is_verified": false,
        "line_number": 950
      },
      {
        "type": "Secret Keyword",
        "filename": "tests/test_authentication_services.py",
        "hashed_secret": "a0f02d256031c165fcf09931c6e08c0fe5f17061",
        "is_verified": false,
        "line_number": 957
      },
      {
        "type": "Secret Keyword",
        "filename": "tests/test_authentication_services.py",
        "hashed_secret": "b91554bd706e84387475eb2df912df8b01ca4467",
        "is_verified": false,
        "line_number": 963
      },
      {
        "type": "Secret Keyword",
        "filename": "tests/test_authentication_services.py",
        "hashed_secret": "424a581680b458538ad1cc87634cd1e34e094fe5",
        "is_verified": false,
        "line_number": 1041
      },
      {
        "type": "Secret Keyword",
        "filename": "tests/test_authentication_services.py",
        "hashed_secret": "5c76b2ede4d62125215bfe7f24041c3effc6c6f2",
        "is_verified": false,
        "line_number": 1082
      }
    ],
    "tests/test_env_example_parity.py": [
      {
        "type": "Secret Keyword",
        "filename": "tests/test_env_example_parity.py",
        "hashed_secret": "da6a3fac4e0d91ecf00a673930299f7039992e5e",
        "is_verified": false,
        "line_number": 107
      },
      {
        "type": "Secret Keyword",
        "filename": "tests/test_env_example_parity.py",
        "hashed_secret": "32e162286197cf64efe100321e699b1af36bc5db",
        "is_verified": false,
        "line_number": 108
      }
    ],
    "tests/test_high_priority_hardening_p1.py": [
      {
        "type": "Secret Keyword",
        "filename": "tests/test_high_priority_hardening_p1.py",
        "hashed_secret": "5b395b0c126d7bcb6ea7305fc36f6eb578c6fbd6",
        "is_verified": false,
        "line_number": 148
      },
      {
        "type": "Secret Keyword",
        "filename": "tests/test_high_priority_hardening_p1.py",
        "hashed_secret": "043cb3b520ef04fc69a13616f343289a03dfbf63",
        "is_verified": false,
        "line_number": 151
      }
    ],
    "tests/test_low_priority_hardening_p3.py": [
      {
        "type": "Secret Keyword",
        "filename": "tests/test_low_priority_hardening_p3.py",
        "hashed_secret": "fef341f85d87439e7d91a2d465b9871ef66b5e98",
        "is_verified": false,
        "line_number": 407
      }
    ],
    "tests/test_operational_hardening.py": [
      {
        "type": "Secret Keyword",
        "filename": "tests/test_operational_hardening.py",
        "hashed_secret": "510ae94bc33fd6bcb5df20925f0d8a715afd13e7",
        "is_verified": false,
        "line_number": 58
      },
      {
        "type": "Secret Keyword",
        "filename": "tests/test_operational_hardening.py",
        "hashed_secret": "6a0b69a1cea32f4e97c97726d78a938f972cef88",
        "is_verified": false,
        "line_number": 61
      },
      {
        "type": "Secret Keyword",
        "filename": "tests/test_operational_hardening.py",
        "hashed_secret": "ba92766064bbc4f3f09382808903bb53ce3f924e",
        "is_verified": false,
        "line_number": 108
      },
      {
        "type": "Secret Keyword",
        "filename": "tests/test_operational_hardening.py",
        "hashed_secret": "0117691d0201f04aa02f586b774c190802d47d8c",
        "is_verified": false,
        "line_number": 145
      }
    ],
    "tests/test_password_change_revokes_sessions.py": [
      {
        "type": "Secret Keyword",
        "filename": "tests/test_password_change_revokes_sessions.py",
        "hashed_secret": "0661e8bb4b83f4e45ebb3cd70782d19e5ee75439",
        "is_verified": false,
        "line_number": 37
      },
      {
        "type": "Secret Keyword",
        "filename": "tests/test_password_change_revokes_sessions.py",
        "hashed_secret": "1e17135a6ce4ea48c767d6bf0832d853872efeb0",
        "is_verified": false,
        "line_number": 38
      }
    ],
    "tests/test_provider_readiness_production.py": [
      {
        "type": "Secret Keyword",
        "filename": "tests/test_provider_readiness_production.py",
        "hashed_secret": "3acfb2c2b433c0ea7ff107e33df91b18e52f960f",
        "is_verified": false,
        "line_number": 23
      },
      {
        "type": "Secret Keyword",
        "filename": "tests/test_provider_readiness_production.py",
        "hashed_secret": "2fc9bd7806cc50f61c2124af1da53fc236a82fd6",
        "is_verified": false,
        "line_number": 73
      },
      {
        "type": "Secret Keyword",
        "filename": "tests/test_provider_readiness_production.py",
        "hashed_secret": "a62f2225bf70bfaccbc7f1ef2a397836717377de",
        "is_verified": false,
        "line_number": 93
      }
    ],
    "tests/test_upload_validator_hardening.py": [
      {
        "type": "Hex High Entropy String",
        "filename": "tests/test_upload_validator_hardening.py",
        "hashed_secret": "685a649e1310d663058c678d4a1fe9b697240c48",
        "is_verified": false,
        "line_number": 195
      }
    ]
  },
  "generated_at": "2026-08-30T18:51:56Z"
}
